// Jest Snapshot v1, https://goo.gl/fbAQLP

exports[`JobDescription renders correctly should match snapshot 1`] = `
<DocumentFragment>
  <div
    class="MuiBox-root MuiBox-root-4 makeStyles-root-1"
  >
    <div
      class="MuiGrid-root MuiGrid-container MuiGrid-spacing-xs-6 MuiGrid-direction-xs-column"
    >
      <div
        class="MuiGrid-root MuiGrid-item"
      >
        <div
          class="MuiGrid-root MuiGrid-container MuiGrid-spacing-xs-4 MuiGrid-direction-xs-column"
        >
          <div
            class="MuiGrid-root MuiGrid-item MuiGrid-grid-xs-12"
          >
            <div
              class="MuiGrid-root makeStyles-root-7"
            >
              <div
                class="MuiGrid-root MuiGrid-item"
              >
                <div
                  class="MuiAvatar-root MuiAvatar-circle makeStyles-smallMedia-8"
                >
                  <img
                    alt="BMW company"
                    class="MuiAvatar-img"
                    src="https://upload.wikimedia.org/wikipedia/commons/4/44/BMW.svg"
                  />
                </div>
              </div>
              <div
                class="MuiGrid-root makeStyles-columnMargin-6 MuiGrid-container MuiGrid-direction-xs-column"
              >
                <div
                  class="MuiGrid-root MuiGrid-item"
                >
                  <h4
                    class="MuiTypography-root makeStyles-primary-9 MuiTypography-h4"
                  >
                    User Experience Designer
                  </h4>
                </div>
                <div
                  class="MuiGrid-root MuiGrid-item"
                >
                  <h4
                    class="MuiTypography-root makeStyles-secondary-10 MuiTypography-h4"
                  >
                    BMW
                  </h4>
                </div>
                <div
                  class="MuiGrid-root MuiGrid-item"
                >
                  <h4
                    class="MuiTypography-root makeStyles-secondary-10 MuiTypography-h4"
                  >
                    Hi-Tech City, Telangana
                  </h4>
                </div>
              </div>
            </div>
          </div>
          <div
            class="MuiGrid-root MuiGrid-container MuiGrid-item MuiGrid-grid-xs-12"
          >
            <div
              class="MuiGrid-root MuiGrid-item MuiGrid-grid-xs-12 MuiGrid-grid-sm-3"
            >
              <div
                style="display: flex;"
              >
                <div
                  class="MuiBox-root MuiBox-root-15"
                >
                  <button
                    class="MuiButtonBase-root MuiButton-root MuiButton-outlined makeStyles-base-16 makeStyles-small-17 MuiButton-outlinedPrimary"
                    tabindex="0"
                    type="button"
                  >
                    <span
                      class="MuiButton-label"
                    >
                      Save
                    </span>
                    <span
                      class="MuiTouchRipple-root"
                    />
                  </button>
                </div>
                <div
                  class="MuiBox-root MuiBox-root-22"
                >
                  <button
                    class="MuiButtonBase-root MuiButton-root MuiButton-contained makeStyles-base-16 makeStyles-small-17 MuiButton-containedPrimary"
                    tabindex="0"
                    type="button"
                  >
                    <span
                      class="MuiButton-label"
                    >
                      Apply
                    </span>
                    <span
                      class="MuiTouchRipple-root"
                    />
                  </button>
                </div>
              </div>
            </div>
          </div>
        </div>
      </div>
      <div
        class="MuiGrid-root MuiGrid-item"
      >
        <div
          class="MuiBox-root MuiBox-root-23"
        >
          <div
            class="MuiGrid-root MuiGrid-container MuiGrid-spacing-xs-4"
            style="width: 390px;"
          >
            <div
              class="MuiGrid-root MuiGrid-item MuiGrid-grid-xs-12"
            >
              <hr
                class="MuiDivider-root makeStyles-hrBottom-29"
              />
            </div>
            <div
              class="MuiGrid-root MuiGrid-item MuiGrid-grid-xs-12"
            >
              <p
                class="MuiTypography-root makeStyles-headingClass-24 MuiTypography-body1"
              >
                Description
              </p>
            </div>
            <div
              class="MuiGrid-root MuiGrid-item MuiGrid-grid-xs-12"
            >
              <h6
                class="MuiTypography-root makeStyles-descClass-27 MuiTypography-h6"
              >
                Open Text is seeking a talented, personable interaction designer who can assist the User Experience Design team by working with other designers and development teams on a variety of projects. The OpenText User Experience Design group is a distributed multi-disciplinary team of professionals that are responsible for enhancing the UX of the companyâ€™s collective product suites worldwide.
              </h6>
            </div>
            <div
              class="MuiGrid-root MuiGrid-item MuiGrid-grid-xs-12"
            >
              <hr
                class="MuiDivider-root makeStyles-hrTop-28"
              />
            </div>
            <div
              class="MuiGrid-root MuiGrid-item MuiGrid-grid-xs-12"
            >
              <p
                class="MuiTypography-root makeStyles-headingClass-24 MuiTypography-body1"
              >
                What it takes
              </p>
              <ul
                class="makeStyles-ulClass-25"
              >
                <li
                  class="makeStyles-liClass-26"
                >
                  <h6
                    class="MuiTypography-root makeStyles-descClass-27 MuiTypography-h6"
                  >
                    High level of proficiency with leading UX Design software packages, such as Axure, Sketch, InVision, or Experience Design including the core Adobe Creative Suite products.
                  </h6>
                </li>
                <li
                  class="makeStyles-liClass-26"
                >
                  <h6
                    class="MuiTypography-root makeStyles-descClass-27 MuiTypography-h6"
                  >
                    Excellent written and oral communication and presentation skills
                  </h6>
                </li>
                <li
                  class="makeStyles-liClass-26"
                >
                  <h6
                    class="MuiTypography-root makeStyles-descClass-27 MuiTypography-h6"
                  >
                    Excellent written and oral communication and presentation skills
                  </h6>
                </li>
              </ul>
            </div>
          </div>
        </div>
      </div>
      <div
        class="MuiBox-root MuiBox-root-30 makeStyles-boxClass-2"
      >
        <button
          class="MuiButtonBase-root MuiButton-root MuiButton-contained makeStyles-buttonClass-3 MuiButton-containedPrimary"
          tabindex="0"
          type="button"
        >
          <span
            class="MuiButton-label"
          >
            Green Commute Routes
          </span>
          <span
            class="MuiTouchRipple-root"
          />
        </button>
      </div>
    </div>
  </div>
</DocumentFragment>
`;
