// Jest Snapshot v1, https://goo.gl/fbAQLP

exports[`JobCardLabel renders correctly should match snapshot 1`] = `
<DocumentFragment>
  <h4
    class="MuiTypography-root makeStyles-secondary-2 MuiTypography-h4"
  />
</DocumentFragment>
`;
