// Jest Snapshot v1, https://goo.gl/fbAQLP

exports[`component renders correctly should match snapshot 1`] = `
<DocumentFragment>
  <div
    class="MuiGrid-root MuiGrid-container MuiGrid-justify-xs-space-between"
  >
    <div
      class="MuiGrid-root MuiGrid-item MuiGrid-direction-xs-column MuiGrid-grid-xs-11"
    >
      <div
        class="MuiGrid-root MuiGrid-item"
      >
        <p
          class="MuiTypography-root makeStyles-text-1 MuiTypography-body1"
        >
          Recommended for you
        </p>
      </div>
      <div
        class="MuiGrid-root MuiGrid-item"
      >
        <h6
          class="MuiTypography-root MuiTypography-h6"
        >
          Based on your profile, skills and search history
        </h6>
      </div>
    </div>
    <div
      class="MuiGrid-root MuiGrid-item MuiGrid-justify-xs-flex-end MuiGrid-grid-xs-1"
    >
      <div
        class="MuiGrid-root MuiGrid-item"
      >
        <button
          class="MuiButtonBase-root MuiButton-root MuiButton-outlined makeStyles-filterButton-2 MuiButton-outlinedSecondary"
          tabindex="0"
          type="button"
        >
          <span
            class="MuiButton-label"
          >
            <svg
              aria-hidden="true"
              class="MuiSvgIcon-root"
              focusable="false"
              viewBox="0 0 24 24"
            >
              <path
                d="M7 6h10l-5.01 6.3L7 6zm-2.75-.39C6.27 8.2 10 13 10 13v6c0 .55.45 1 1 1h2c.55 0 1-.45 1-1v-6s3.72-4.8 5.74-7.39c.51-.66.04-1.61-.79-1.61H5.04c-.83 0-1.3.95-.79 1.61z"
                fill="#000"
              />
            </svg>
            Filter
          </span>
          <span
            class="MuiTouchRipple-root"
          />
        </button>
      </div>
    </div>
  </div>
</DocumentFragment>
`;
