// Jest Snapshot v1, https://goo.gl/fbAQLP

exports[`Template renders correctly to match snapshot 1`] = `
<DocumentFragment>
  <div
    class="MuiGrid-root makeStyles-gridClass-2 MuiGrid-container"
  >
    <div
      class="MuiGrid-root MuiGrid-item MuiGrid-grid-xs-7"
    >
      <h1>
        Hello
      </h1>
    </div>
    <div
      class="MuiGrid-root makeStyles-aqiClass-1 MuiGrid-container MuiGrid-item MuiGrid-align-items-xs-center MuiGrid-grid-xs-5"
    >
      <h2>
        Right
      </h2>
    </div>
  </div>
</DocumentFragment>
`;
