// Jest Snapshot v1, https://goo.gl/fbAQLP

exports[`component renders correctly should match snapshot 1`] = `
<DocumentFragment>
  <div
    class="MuiGrid-root MuiGrid-container"
  >
    <div
      class="MuiGrid-root MuiGrid-item"
    >
      <svg
        aria-hidden="true"
        class="MuiSvgIcon-root makeStyles-icon-2 MuiSvgIcon-colorSecondary"
        focusable="false"
        viewBox="0 0 24 24"
      >
        <path
          d="M14 6V4h-4v2h4zM4 8v11h16V8H4zm16-2c1.11 0 2 .89 2 2v11c0 1.11-.89 2-2 2H4c-1.11 0-2-.89-2-2l.01-11c0-1.11.88-2 1.99-2h4V4c0-1.11.89-2 2-2h4c1.11 0 2 .89 2 2v2h4z"
          fill-rule="evenodd"
        />
      </svg>
    </div>
    <div
      class="MuiGrid-root"
    >
      <div
        class="MuiFormControl-root MuiTextField-root makeStyles-text-1"
      >
        <div
          class="MuiInputBase-root MuiInput-root MuiInputBase-colorSecondary MuiInput-colorSecondary MuiInputBase-formControl MuiInput-formControl"
        >
          <input
            aria-invalid="false"
            class="MuiInputBase-input MuiInput-input"
            type="text"
            value=""
          />
        </div>
      </div>
    </div>
  </div>
</DocumentFragment>
`;
