// Jest Snapshot v1, https://goo.gl/fbAQLP

exports[`JobCardHeader renders correctly should match snapshot 1`] = `
<DocumentFragment>
  <div
    class="MuiGrid-root makeStyles-root-3"
  >
    <div
      class="MuiGrid-root MuiGrid-item"
    >
      <div
        class="MuiAvatar-root MuiAvatar-circle makeStyles-smallMedia-4 MuiAvatar-colorDefault"
      >
        <svg
          aria-hidden="true"
          class="MuiSvgIcon-root MuiAvatar-fallback"
          focusable="false"
          viewBox="0 0 24 24"
        >
          <path
            d="M12 12c2.21 0 4-1.79 4-4s-1.79-4-4-4-4 1.79-4 4 1.79 4 4 4zm0 2c-2.67 0-8 1.34-8 4v2h16v-2c0-2.66-5.33-4-8-4z"
          />
        </svg>
      </div>
    </div>
    <div
      class="MuiGrid-root makeStyles-columnMargin-2 MuiGrid-container MuiGrid-direction-xs-column"
    >
      <div
        class="MuiGrid-root MuiGrid-item"
      >
        <h4
          class="MuiTypography-root makeStyles-primary-5 MuiTypography-h4"
        />
      </div>
      <div
        class="MuiGrid-root MuiGrid-item"
      >
        <h4
          class="MuiTypography-root makeStyles-secondary-6 MuiTypography-h4"
        />
      </div>
      <div
        class="MuiGrid-root MuiGrid-item"
      >
        <h4
          class="MuiTypography-root makeStyles-secondary-6 MuiTypography-h4"
        />
      </div>
    </div>
  </div>
</DocumentFragment>
`;
