// Jest Snapshot v1, https://goo.gl/fbAQLP

exports[`AQI renders correctly should match snapshot 1`] = `
<DocumentFragment>
  <div
    class="MuiGrid-root makeStyles-gridClass-2 MuiGrid-container MuiGrid-spacing-xs-6 MuiGrid-direction-xs-column MuiGrid-align-items-xs-center MuiGrid-justify-xs-center"
  >
    <div
      align="center"
      class="MuiGrid-root makeStyles-gridItem-3 MuiGrid-item MuiGrid-grid-xs-12"
    >
      <img
        alt="map"
      />
    </div>
    <div
      class="MuiGrid-root makeStyles-margin-5 MuiGrid-container MuiGrid-item MuiGrid-align-items-xs-center MuiGrid-justify-xs-center MuiGrid-grid-xs-12"
    />
    <div
      class="MuiGrid-root MuiGrid-item MuiGrid-grid-xs-12"
    >
      <h6
        class="MuiTypography-root makeStyles-textClass-4 MuiTypography-subtitle1"
      />
    </div>
  </div>
</DocumentFragment>
`;
