// Jest Snapshot v1, https://goo.gl/fbAQLP

exports[`TopHeader placeholder test Matches the snapshot 1`] = `
<div>
  <div
    class="MuiGrid-root MuiGrid-container MuiGrid-align-items-xs-center MuiGrid-justify-xs-space-between"
    data-testid="topheader-placeholder"
  >
    <div
      class="MuiGrid-root MuiGrid-item MuiGrid-grid-xs-3"
    >
      <div>
        <h4
          class="MuiTypography-root makeStyles-label-4 MuiTypography-h4"
        >
          Hyderabad
        </h4>
      </div>
    </div>
    <div
      class="MuiGrid-root MuiGrid-container MuiGrid-item MuiGrid-align-items-xs-center MuiGrid-justify-xs-space-evenly MuiGrid-grid-xs-3"
    >
      <svg
        aria-hidden="true"
        class="MuiSvgIcon-root makeStyles-root-1"
        focusable="false"
        viewBox="0 0 24 24"
      >
        <path
          d="M4 4h16v12H5.17L4 17.17V4m0-2c-1.1 0-1.99.9-1.99 2L2 22l4-4h14c1.1 0 2-.9 2-2V4c0-1.1-.9-2-2-2H4zm2 10h12v2H6v-2zm0-3h12v2H6V9zm0-3h12v2H6V6z"
        />
      </svg>
      <svg
        aria-hidden="true"
        class="MuiSvgIcon-root makeStyles-root-1"
        focusable="false"
        viewBox="0 0 24 24"
      >
        <path
          d="M12 22c1.1 0 2-.9 2-2h-4c0 1.1.9 2 2 2zm6-6v-5c0-3.07-1.63-5.64-4.5-6.32V4c0-.83-.67-1.5-1.5-1.5s-1.5.67-1.5 1.5v.68C7.64 5.36 6 7.92 6 11v5l-2 2v1h16v-1l-2-2zm-2 1H8v-6c0-2.48 1.51-4.5 4-4.5s4 2.02 4 4.5v6z"
        />
      </svg>
      <div
        class="MuiAvatar-root MuiAvatar-circle makeStyles-avatarMargin-3 MuiAvatar-colorDefault"
      >
        <svg
          aria-hidden="true"
          class="MuiSvgIcon-root MuiAvatar-fallback"
          focusable="false"
          viewBox="0 0 24 24"
        >
          <path
            d="M12 12c2.21 0 4-1.79 4-4s-1.79-4-4-4-4 1.79-4 4 1.79 4 4 4zm0 2c-2.67 0-8 1.34-8 4v2h16v-2c0-2.66-5.33-4-8-4z"
          />
        </svg>
      </div>
      <p
        class="MuiTypography-root makeStyles-label-2 MuiTypography-body1"
      >
        Bob
      </p>
      <svg
        aria-hidden="true"
        class="MuiSvgIcon-root makeStyles-root-1"
        focusable="false"
        viewBox="0 0 24 24"
      >
        <path
          d="M16.59 8.59L12 13.17 7.41 8.59 6 10l6 6 6-6z"
        />
      </svg>
    </div>
  </div>
</div>
`;
