// Jest Snapshot v1, https://goo.gl/fbAQLP

exports[`JobDetailsHeader renders correctly should match snapshot 1`] = `
<DocumentFragment>
  <div
    class="MuiGrid-root MuiGrid-container MuiGrid-spacing-xs-4 MuiGrid-direction-xs-column"
  >
    <div
      class="MuiGrid-root MuiGrid-item MuiGrid-grid-xs-12"
    >
      <div
        class="MuiGrid-root makeStyles-root-3"
      >
        <div
          class="MuiGrid-root MuiGrid-item"
        >
          <div
            class="MuiAvatar-root MuiAvatar-circle makeStyles-smallMedia-4"
          >
            <img
              alt="BMW company"
              class="MuiAvatar-img"
              src="https://upload.wikimedia.org/wikipedia/commons/4/44/BMW.svg"
            />
          </div>
        </div>
        <div
          class="MuiGrid-root makeStyles-columnMargin-2 MuiGrid-container MuiGrid-direction-xs-column"
        >
          <div
            class="MuiGrid-root MuiGrid-item"
          >
            <h4
              class="MuiTypography-root makeStyles-primary-5 MuiTypography-h4"
            >
              User Experience Designer
            </h4>
          </div>
          <div
            class="MuiGrid-root MuiGrid-item"
          >
            <h4
              class="MuiTypography-root makeStyles-secondary-6 MuiTypography-h4"
            >
              BMW
            </h4>
          </div>
          <div
            class="MuiGrid-root MuiGrid-item"
          >
            <h4
              class="MuiTypography-root makeStyles-secondary-6 MuiTypography-h4"
            >
              Hi-Tech City, Telangana
            </h4>
          </div>
        </div>
      </div>
    </div>
    <div
      class="MuiGrid-root MuiGrid-container MuiGrid-item MuiGrid-grid-xs-12"
    >
      <div
        class="MuiGrid-root MuiGrid-item MuiGrid-grid-xs-12 MuiGrid-grid-sm-3"
      >
        <div
          style="display: flex;"
        >
          <div
            class="MuiBox-root MuiBox-root-11"
          >
            <button
              class="MuiButtonBase-root MuiButton-root MuiButton-outlined makeStyles-base-12 makeStyles-small-13 MuiButton-outlinedPrimary"
              tabindex="0"
              type="button"
            >
              <span
                class="MuiButton-label"
              >
                Save
              </span>
              <span
                class="MuiTouchRipple-root"
              />
            </button>
          </div>
          <div
            class="MuiBox-root MuiBox-root-18"
          >
            <button
              class="MuiButtonBase-root MuiButton-root MuiButton-contained makeStyles-base-12 makeStyles-small-13 MuiButton-containedPrimary"
              tabindex="0"
              type="button"
            >
              <span
                class="MuiButton-label"
              >
                Apply
              </span>
              <span
                class="MuiTouchRipple-root"
              />
            </button>
          </div>
        </div>
      </div>
    </div>
  </div>
</DocumentFragment>
`;
